#
# There is insufficient memory for the Java Runtime Environment to continue.
# Native memory allocation (malloc) failed to allocate 564656 bytes. Error detail: Chunk::new
# Possible reasons:
#   The system is out of physical RAM or swap space
#   This process is running with CompressedOops enabled, and the Java Heap may be blocking the growth of the native heap
# Possible solutions:
#   Reduce memory load on the system
#   Increase physical memory or swap space
#   Check if swap backing store is full
#   Decrease Java heap size (-Xmx/-Xms)
#   Decrease number of Java threads
#   Decrease Java thread stack sizes (-Xss)
#   Set larger code cache with -XX:ReservedCodeCacheSize=
#   JVM is running with Unscaled Compressed Oops mode in which the Java heap is
#     placed in the first 4GB address space. The Java Heap base address is the
#     maximum limit for the native heap growth. Please use -XX:HeapBaseMinAddress
#     to set the Java Heap base and to place the Java Heap above 4GB virtual address.
# This output file may be truncated or incomplete.
#
#  Out of Memory Error (arena.cpp:168), pid=21544, tid=21596
#
# JRE version: OpenJDK Runtime Environment Temurin-21.0.8+9 (21.0.8+9) (build 21.0.8+9-LTS)
# Java VM: OpenJDK 64-Bit Server VM Temurin-21.0.8+9 (21.0.8+9-LTS, mixed mode, sharing, tiered, compressed oops, compressed class ptrs, parallel gc, windows-amd64)
# No core dump will be written. Minidumps are not enabled by default on client versions of Windows
#

---------------  S U M M A R Y ------------

Command Line: --add-modules=ALL-SYSTEM --add-opens=java.base/java.util=ALL-UNNAMED --add-opens=java.base/java.lang=ALL-UNNAMED --add-opens=java.base/sun.nio.fs=ALL-UNNAMED -Declipse.application=org.eclipse.jdt.ls.core.id1 -Dosgi.bundles.defaultStartLevel=4 -Declipse.product=org.eclipse.jdt.ls.core.product -Djava.import.generatesMetadataFilesAtProjectRoot=false -DDetectVMInstallationsJob.disabled=true -Dfile.encoding=utf8 -XX:+UseParallelGC -XX:GCTimeRatio=4 -XX:AdaptiveSizePolicyWeight=90 -Dsun.zip.disableMemoryMapping=true -Xmx2G -Xms100m -Xlog:disable -javaagent:c:\Users\maste\.vscode\extensions\redhat.java-1.44.0-win32-x64\lombok\lombok-1.18.39-4050.jar -XX:+HeapDumpOnOutOfMemoryError -XX:HeapDumpPath=c:\Users\maste\AppData\Roaming\Code\User\workspaceStorage\dfff14d926b6e334685f5a5e34cec158\redhat.java -Daether.dependencyCollector.impl=bf c:\Users\maste\.vscode\extensions\redhat.java-1.44.0-win32-x64\server\plugins\org.eclipse.equinox.launcher_1.7.0.v20250519-0528.jar -configuration c:\Users\maste\AppData\Roaming\Code\User\globalStorage\redhat.java\1.44.0\config_win -data c:\Users\maste\AppData\Roaming\Code\User\workspaceStorage\dfff14d926b6e334685f5a5e34cec158\redhat.java\jdt_ws --pipe=\\.\pipe\lsp-864d1f0892f1527f44d525ba50f76ad0-sock

Host: 11th Gen Intel(R) Core(TM) i5-1135G7 @ 2.40GHz, 8 cores, 7G,  Windows 11 , 64 bit Build 22621 (10.0.22621.5305)
Time: Wed Aug 20 10:49:39 2025 India Standard Time elapsed time: 34.130512 seconds (0d 0h 0m 34s)

---------------  T H R E A D  ---------------

Current thread (0x000001f9a3788630):  JavaThread "C2 CompilerThread0" daemon [_thread_in_native, id=21596, stack(0x000000f08ac00000,0x000000f08ad00000) (1024K)]


Current CompileTask:
C2:34130 14222 % !   4       org.eclipse.jdt.internal.core.index.DiskIndex::mergeWith @ 262 (623 bytes)

Stack: [0x000000f08ac00000,0x000000f08ad00000]
Native frames: (J=compiled Java code, j=interpreted, Vv=VM code, C=native code)
V  [jvm.dll+0x6d2449]
V  [jvm.dll+0x8ae341]
V  [jvm.dll+0x8b08be]
V  [jvm.dll+0x8b0fa3]
V  [jvm.dll+0x280c96]
V  [jvm.dll+0xc581d]
V  [jvm.dll+0xc5d53]
V  [jvm.dll+0x3b9162]
V  [jvm.dll+0x1e1409]
V  [jvm.dll+0x249022]
V  [jvm.dll+0x2484af]
V  [jvm.dll+0x1c89ee]
V  [jvm.dll+0x257d4d]
V  [jvm.dll+0x2562ea]
V  [jvm.dll+0x3f2d16]
V  [jvm.dll+0x857e6b]
V  [jvm.dll+0x6d0b0d]
C  [ucrtbase.dll+0x29333]
C  [KERNEL32.DLL+0x1259d]
C  [ntdll.dll+0x5af78]


---------------  P R O C E S S  ---------------

Threads class SMR info:
_java_thread_list=0x000001f989de88a0, length=71, elements={
0x000001f9a37fcee0, 0x000001f9a376d760, 0x000001f9a376e710, 0x000001f9a3772e00,
0x000001f9a3773490, 0x000001f9a37720e0, 0x000001f9a3773b20, 0x000001f9a3788630,
0x000001f9a378c0c0, 0x000001f9a3774840, 0x000001f9a3774ed0, 0x000001f9a37741b0,
0x000001f9a3775560, 0x000001f9fd86dd40, 0x000001f9fd86e3d0, 0x000001f9fd872570,
0x000001f9fd86ea60, 0x000001f9fd873fb0, 0x000001f9fd873290, 0x000001f9fd86f0f0,
0x000001f9fd86d6b0, 0x000001f9fd870b30, 0x000001f9fd86f780, 0x000001f9fd874cd0,
0x000001f9fd86fe10, 0x000001f9fd8704a0, 0x000001f9fd871850, 0x000001f9fd871ee0,
0x000001f9fd872c00, 0x000001f98423a750, 0x000001f984238d10, 0x000001f984238680,
0x000001f984237ff0, 0x000001f9842372d0, 0x000001f9842344e0, 0x000001f984237960,
0x000001f98423a0c0, 0x000001f98423ade0, 0x000001f984239a30, 0x000001f9842393a0,
0x000001f984233e50, 0x000001f984235f20, 0x000001f9842365b0, 0x000001f984236c40,
0x000001f98880e780, 0x000001f988812290, 0x000001f98880d3d0, 0x000001f988812920,
0x000001f98880da60, 0x000001f98880ee10, 0x000001f98880e0f0, 0x000001f988810ee0,
0x000001f98880c6b0, 0x000001f98880cd40, 0x000001f98880b990, 0x000001f988812fb0,
0x000001f98880c020, 0x000001f988810850, 0x000001f988811c00, 0x000001f9888101c0,
0x000001f9fd8711c0, 0x000001f98854fa60, 0x000001f9885521c0, 0x000001f988550780,
0x000001f988552ee0, 0x000001f9885514a0, 0x000001f988553c00, 0x000001f988554920,
0x000001f98854e6b0, 0x000001f98854ed40, 0x000001f9feeb7450
}

Java Threads: ( => current thread )
  0x000001f9a37fcee0 JavaThread "main"                              [_thread_blocked, id=29596, stack(0x000000f08a200000,0x000000f08a300000) (1024K)]
  0x000001f9a376d760 JavaThread "Reference Handler"          daemon [_thread_blocked, id=24792, stack(0x000000f08a600000,0x000000f08a700000) (1024K)]
  0x000001f9a376e710 JavaThread "Finalizer"                  daemon [_thread_blocked, id=35872, stack(0x000000f08a700000,0x000000f08a800000) (1024K)]
  0x000001f9a3772e00 JavaThread "Signal Dispatcher"          daemon [_thread_blocked, id=7624, stack(0x000000f08a800000,0x000000f08a900000) (1024K)]
  0x000001f9a3773490 JavaThread "Attach Listener"            daemon [_thread_blocked, id=20096, stack(0x000000f08a900000,0x000000f08aa00000) (1024K)]
  0x000001f9a37720e0 JavaThread "Service Thread"             daemon [_thread_blocked, id=40560, stack(0x000000f08aa00000,0x000000f08ab00000) (1024K)]
  0x000001f9a3773b20 JavaThread "Monitor Deflation Thread"   daemon [_thread_blocked, id=41884, stack(0x000000f08ab00000,0x000000f08ac00000) (1024K)]
=>0x000001f9a3788630 JavaThread "C2 CompilerThread0"         daemon [_thread_in_native, id=21596, stack(0x000000f08ac00000,0x000000f08ad00000) (1024K)]
  0x000001f9a378c0c0 JavaThread "C1 CompilerThread0"         daemon [_thread_blocked, id=35044, stack(0x000000f08ad00000,0x000000f08ae00000) (1024K)]
  0x000001f9a3774840 JavaThread "Common-Cleaner"             daemon [_thread_blocked, id=26024, stack(0x000000f08ae00000,0x000000f08af00000) (1024K)]
  0x000001f9a3774ed0 JavaThread "Notification Thread"        daemon [_thread_blocked, id=68, stack(0x000000f08af00000,0x000000f08b000000) (1024K)]
  0x000001f9a37741b0 JavaThread "Active Thread: Equinox Container: 0dd1c107-9492-4e1a-b5ce-04f0520f1bac"        [_thread_blocked, id=38688, stack(0x000000f08b800000,0x000000f08b900000) (1024K)]
  0x000001f9a3775560 JavaThread "Refresh Thread: Equinox Container: 0dd1c107-9492-4e1a-b5ce-04f0520f1bac" daemon [_thread_blocked, id=2772, stack(0x000000f08b900000,0x000000f08ba00000) (1024K)]
  0x000001f9fd86dd40 JavaThread "Framework Event Dispatcher: Equinox Container: 0dd1c107-9492-4e1a-b5ce-04f0520f1bac" daemon [_thread_blocked, id=9116, stack(0x000000f08bb00000,0x000000f08bc00000) (1024K)]
  0x000001f9fd86e3d0 JavaThread "Start Level: Equinox Container: 0dd1c107-9492-4e1a-b5ce-04f0520f1bac" daemon [_thread_blocked, id=39688, stack(0x000000f08bc00000,0x000000f08bd00000) (1024K)]
  0x000001f9fd872570 JavaThread "Bundle File Closer"         daemon [_thread_blocked, id=9296, stack(0x000000f08bd00000,0x000000f08be00000) (1024K)]
  0x000001f9fd86ea60 JavaThread "SCR Component Actor"        daemon [_thread_blocked, id=23372, stack(0x000000f08be00000,0x000000f08bf00000) (1024K)]
  0x000001f9fd873fb0 JavaThread "Worker-JM"                         [_thread_blocked, id=20588, stack(0x000000f08c000000,0x000000f08c100000) (1024K)]
  0x000001f9fd873290 JavaThread "JNA Cleaner"                daemon [_thread_blocked, id=21884, stack(0x000000f08b000000,0x000000f08b100000) (1024K)]
  0x000001f9fd86f0f0 JavaThread "Worker-0"                          [_thread_blocked, id=21564, stack(0x000000f08b100000,0x000000f08b200000) (1024K)]
  0x000001f9fd86d6b0 JavaThread "Worker-1"                          [_thread_blocked, id=32432, stack(0x000000f08c100000,0x000000f08c200000) (1024K)]
  0x000001f9fd870b30 JavaThread "Worker-2"                          [_thread_blocked, id=26924, stack(0x000000f08c300000,0x000000f08c400000) (1024K)]
  0x000001f9fd86f780 JavaThread "Java indexing"              daemon [_thread_blocked, id=39284, stack(0x000000f08c400000,0x000000f08c500000) (1024K)]
  0x000001f9fd874cd0 JavaThread "Worker-3: Java indexing... "        [_thread_blocked, id=22892, stack(0x000000f08c500000,0x000000f08c600000) (1024K)]
  0x000001f9fd86fe10 JavaThread "Worker-4"                          [_thread_blocked, id=17308, stack(0x000000f08c600000,0x000000f08c700000) (1024K)]
  0x000001f9fd8704a0 JavaThread "Worker-5"                          [_thread_blocked, id=24100, stack(0x000000f08c700000,0x000000f08c800000) (1024K)]
  0x000001f9fd871850 JavaThread "Worker-6"                          [_thread_blocked, id=26536, stack(0x000000f08c800000,0x000000f08c900000) (1024K)]
  0x000001f9fd871ee0 JavaThread "Thread-2"                   daemon [_thread_in_native, id=30772, stack(0x000000f08c900000,0x000000f08ca00000) (1024K)]
  0x000001f9fd872c00 JavaThread "Thread-3"                   daemon [_thread_in_native, id=34388, stack(0x000000f08ca00000,0x000000f08cb00000) (1024K)]
  0x000001f98423a750 JavaThread "Thread-4"                   daemon [_thread_in_native, id=5688, stack(0x000000f08cb00000,0x000000f08cc00000) (1024K)]
  0x000001f984238d10 JavaThread "Thread-5"                   daemon [_thread_in_native, id=23596, stack(0x000000f08cc00000,0x000000f08cd00000) (1024K)]
  0x000001f984238680 JavaThread "Thread-6"                   daemon [_thread_in_native, id=24112, stack(0x000000f08cd00000,0x000000f08ce00000) (1024K)]
  0x000001f984237ff0 JavaThread "Thread-7"                   daemon [_thread_in_native, id=19100, stack(0x000000f08ce00000,0x000000f08cf00000) (1024K)]
  0x000001f9842372d0 JavaThread "Thread-8"                   daemon [_thread_in_native, id=8184, stack(0x000000f08cf00000,0x000000f08d000000) (1024K)]
  0x000001f9842344e0 JavaThread "Thread-9"                   daemon [_thread_in_native, id=1304, stack(0x000000f08d000000,0x000000f08d100000) (1024K)]
  0x000001f984237960 JavaThread "Thread-10"                  daemon [_thread_in_native, id=17052, stack(0x000000f08d100000,0x000000f08d200000) (1024K)]
  0x000001f98423a0c0 JavaThread "pool-2-thread-1"                   [_thread_blocked, id=36448, stack(0x000000f08d200000,0x000000f08d300000) (1024K)]
  0x000001f98423ade0 JavaThread "WorkspaceEventsHandler"            [_thread_blocked, id=33456, stack(0x000000f08d300000,0x000000f08d400000) (1024K)]
  0x000001f984239a30 JavaThread "pool-1-thread-1"                   [_thread_blocked, id=26104, stack(0x000000f08d400000,0x000000f08d500000) (1024K)]
  0x000001f9842393a0 JavaThread "Worker-7"                          [_thread_blocked, id=14288, stack(0x000000f08d500000,0x000000f08d600000) (1024K)]
  0x000001f984233e50 JavaThread "Worker-8"                          [_thread_blocked, id=18820, stack(0x000000f08d600000,0x000000f08d700000) (1024K)]
  0x000001f984235f20 JavaThread "Worker-9"                          [_thread_blocked, id=39392, stack(0x000000f08d700000,0x000000f08d800000) (1024K)]
  0x000001f9842365b0 JavaThread "LocalFile Deleter"          daemon [_thread_blocked, id=16216, stack(0x000000f08d800000,0x000000f08d900000) (1024K)]
  0x000001f984236c40 JavaThread "LocalFile Deleter"          daemon [_thread_blocked, id=37520, stack(0x000000f08d900000,0x000000f08da00000) (1024K)]
  0x000001f98880e780 JavaThread "LocalFile Deleter"          daemon [_thread_blocked, id=10436, stack(0x000000f08da00000,0x000000f08db00000) (1024K)]
  0x000001f988812290 JavaThread "LocalFile Deleter"          daemon [_thread_blocked, id=12292, stack(0x000000f08db00000,0x000000f08dc00000) (1024K)]
  0x000001f98880d3d0 JavaThread "LocalFile Deleter"          daemon [_thread_blocked, id=39920, stack(0x000000f08dc00000,0x000000f08dd00000) (1024K)]
  0x000001f988812920 JavaThread "LocalFile Deleter"          daemon [_thread_blocked, id=33000, stack(0x000000f08dd00000,0x000000f08de00000) (1024K)]
  0x000001f98880da60 JavaThread "LocalFile Deleter"          daemon [_thread_blocked, id=33580, stack(0x000000f08de00000,0x000000f08df00000) (1024K)]
  0x000001f98880ee10 JavaThread "LocalFile Deleter"          daemon [_thread_blocked, id=43528, stack(0x000000f08df00000,0x000000f08e000000) (1024K)]
  0x000001f98880e0f0 JavaThread "Compiler Source File Reader" daemon [_thread_blocked, id=38320, stack(0x000000f08e000000,0x000000f08e100000) (1024K)]
  0x000001f988810ee0 JavaThread "Compiler Source File Reader" daemon [_thread_blocked, id=29416, stack(0x000000f08e100000,0x000000f08e200000) (1024K)]
  0x000001f98880c6b0 JavaThread "Compiler Source File Reader" daemon [_thread_blocked, id=16500, stack(0x000000f08e200000,0x000000f08e300000) (1024K)]
  0x000001f98880cd40 JavaThread "Compiler Source File Reader" daemon [_thread_blocked, id=11700, stack(0x000000f08e300000,0x000000f08e400000) (1024K)]
  0x000001f98880b990 JavaThread "Compiler Source File Reader" daemon [_thread_blocked, id=12104, stack(0x000000f08e400000,0x000000f08e500000) (1024K)]
  0x000001f988812fb0 JavaThread "Compiler Source File Reader" daemon [_thread_blocked, id=17620, stack(0x000000f08e500000,0x000000f08e600000) (1024K)]
  0x000001f98880c020 JavaThread "Compiler Processing Task"   daemon [_thread_blocked, id=28244, stack(0x000000f08bf00000,0x000000f08c000000) (1024K)]
  0x000001f988810850 JavaThread "Compiler Class File Writer" daemon [_thread_blocked, id=21528, stack(0x000000f08e600000,0x000000f08e700000) (1024K)]
  0x000001f988811c00 JavaThread "Compiler Class File Writer" daemon [_thread_blocked, id=32836, stack(0x000000f08e700000,0x000000f08e800000) (1024K)]
  0x000001f9888101c0 JavaThread "Compiler Class File Writer" daemon [_thread_blocked, id=15900, stack(0x000000f08e800000,0x000000f08e900000) (1024K)]
  0x000001f9fd8711c0 JavaThread "Compiler Class File Writer" daemon [_thread_blocked, id=17852, stack(0x000000f08e900000,0x000000f08ea00000) (1024K)]
  0x000001f98854fa60 JavaThread "Compiler Class File Writer" daemon [_thread_blocked, id=20808, stack(0x000000f08ea00000,0x000000f08eb00000) (1024K)]
  0x000001f9885521c0 JavaThread "Compiler Class File Writer" daemon [_thread_blocked, id=6140, stack(0x000000f08eb00000,0x000000f08ec00000) (1024K)]
  0x000001f988550780 JavaThread "ForkJoinPool.commonPool-worker-1" daemon [_thread_blocked, id=36520, stack(0x000000f08ec00000,0x000000f08ed00000) (1024K)]
  0x000001f988552ee0 JavaThread "ForkJoinPool.commonPool-worker-2" daemon [_thread_blocked, id=6036, stack(0x000000f08ed00000,0x000000f08ee00000) (1024K)]
  0x000001f9885514a0 JavaThread "ForkJoinPool.commonPool-worker-3" daemon [_thread_blocked, id=5048, stack(0x000000f08ee00000,0x000000f08ef00000) (1024K)]
  0x000001f988553c00 JavaThread "ForkJoinPool.commonPool-worker-4" daemon [_thread_blocked, id=25080, stack(0x000000f08c200000,0x000000f08c300000) (1024K)]
  0x000001f988554920 JavaThread "ForkJoinPool.commonPool-worker-5" daemon [_thread_blocked, id=24384, stack(0x000000f08ef00000,0x000000f08f000000) (1024K)]
  0x000001f98854e6b0 JavaThread "Cleaner-0"                  daemon [_thread_blocked, id=21080, stack(0x000000f08f100000,0x000000f08f200000) (1024K)]
  0x000001f98854ed40 JavaThread "ForkJoinPool.commonPool-worker-6" daemon [_thread_blocked, id=12492, stack(0x000000f08f200000,0x000000f08f300000) (1024K)]
  0x000001f9feeb7450 JavaThread "ForkJoinPool.commonPool-worker-7" daemon [_thread_blocked, id=6872, stack(0x000000f08f300000,0x000000f08f400000) (1024K)]
Total: 71

Other Threads:
  0x000001f9a3752770 VMThread "VM Thread"                           [id=34312, stack(0x000000f08a500000,0x000000f08a600000) (1024K)]
  0x000001f9a3869130 WatcherThread "VM Periodic Task Thread"        [id=16388, stack(0x000000f08a400000,0x000000f08a500000) (1024K)]
  0x000001f9a381cae0 WorkerThread "GC Thread#0"                     [id=26260, stack(0x000000f08a300000,0x000000f08a400000) (1024K)]
  0x000001f9fd18c330 WorkerThread "GC Thread#1"                     [id=34568, stack(0x000000f08b200000,0x000000f08b300000) (1024K)]
  0x000001f9fd770670 WorkerThread "GC Thread#2"                     [id=32924, stack(0x000000f08b300000,0x000000f08b400000) (1024K)]
  0x000001f9fd770a10 WorkerThread "GC Thread#3"                     [id=15220, stack(0x000000f08b400000,0x000000f08b500000) (1024K)]
  0x000001f9fd11cbf0 WorkerThread "GC Thread#4"                     [id=772, stack(0x000000f08b500000,0x000000f08b600000) (1024K)]
  0x000001f9fd434cd0 WorkerThread "GC Thread#5"                     [id=8548, stack(0x000000f08b600000,0x000000f08b700000) (1024K)]
  0x000001f9fd435070 WorkerThread "GC Thread#6"                     [id=40124, stack(0x000000f08b700000,0x000000f08b800000) (1024K)]
  0x000001f9fd80acf0 WorkerThread "GC Thread#7"                     [id=23088, stack(0x000000f08ba00000,0x000000f08bb00000) (1024K)]
Total: 10

Threads with active compile tasks:
C2 CompilerThread0  34202 14222 % !   4       org.eclipse.jdt.internal.core.index.DiskIndex::mergeWith @ 262 (623 bytes)
Total: 1

VM state: at safepoint (normal execution)

VM Mutex/Monitor currently owned by a thread:  ([mutex/lock_event])
[0x00007ffae9315458] Threads_lock - owner thread: 0x000001f9a3752770
[0x00007ffae9315558] Heap_lock - owner thread: 0x000001f9fd86f780

Heap address: 0x0000000080000000, size: 2048 MB, Compressed Oops mode: 32-bit

CDS archive(s) mapped at: [0x000001f9bb000000-0x000001f9bbba0000-0x000001f9bbba0000), size 12189696, SharedBaseAddress: 0x000001f9bb000000, ArchiveRelocationMode: 1.
Compressed class space mapped at: 0x000001f9bc000000-0x000001f9fc000000, reserved size: 1073741824
Narrow klass base: 0x000001f9bb000000, Narrow klass shift: 0, Narrow klass range: 0x100000000

GC Precious Log:
 CardTable entry size: 512
 CPUs: 8 total, 8 available
 Memory: 7926M
 Large Page Support: Disabled
 NUMA Support: Disabled
 Compressed Oops: Enabled (32-bit)
 Alignments: Space 512K, Generation 512K, Heap 2M
 Heap Min Capacity: 100M
 Heap Initial Capacity: 100M
 Heap Max Capacity: 2G
 Pre-touch: Disabled
 Parallel Workers: 8

Heap:
 PSYoungGen      total 1536K, used 1139K [0x00000000d5580000, 0x00000000d5d00000, 0x0000000100000000)
  eden space 512K, 100% used [0x00000000d5580000,0x00000000d5600000,0x00000000d5600000)
  from space 1024K, 61% used [0x00000000d5b80000,0x00000000d5c1cdd8,0x00000000d5c80000)
  to   space 512K, 96% used [0x00000000d5c80000,0x00000000d5cfbf18,0x00000000d5d00000)
 ParOldGen       total 797696K, used 797646K [0x0000000080000000, 0x00000000b0b00000, 0x00000000d5580000)
  object space 797696K, 99% used [0x0000000080000000,0x00000000b0af3a70,0x00000000b0b00000)
 Metaspace       used 70249K, committed 71744K, reserved 1114112K
  class space    used 7277K, committed 7936K, reserved 1048576K

Card table byte_map: [0x000001f9a31a0000,0x000001f9a35b0000] _byte_map_base: 0x000001f9a2da0000

Marking Bits: (ParMarkBitMap*) 0x00007ffae931a340
 Begin Bits: [0x000001f9b5ca0000, 0x000001f9b7ca0000)
 End Bits:   [0x000001f9b7ca0000, 0x000001f9b9ca0000)

Polling page: 0x000001f9a1620000

Metaspace:

Usage:
  Non-class:     61.50 MB used.
      Class:      7.11 MB used.
       Both:     68.60 MB used.

Virtual space:
  Non-class space:       64.00 MB reserved,      62.31 MB ( 97%) committed,  1 nodes.
      Class space:        1.00 GB reserved,       7.75 MB ( <1%) committed,  1 nodes.
             Both:        1.06 GB reserved,      70.06 MB (  6%) committed. 

Chunk freelists:
   Non-Class:  1.72 MB
       Class:  8.20 MB
        Both:  9.92 MB

MaxMetaspaceSize: unlimited
CompressedClassSpaceSize: 1.00 GB
Initial GC threshold: 21.00 MB
Current GC threshold: 98.12 MB
CDS: on
 - commit_granule_bytes: 65536.
 - commit_granule_words: 8192.
 - virtual_space_node_default_size: 8388608.
 - enlarge_chunks_in_place: 1.
 - use_allocation_guard: 0.


Internal statistics:

num_allocs_failed_limit: 13.
num_arena_births: 1268.
num_arena_deaths: 14.
num_vsnodes_births: 2.
num_vsnodes_deaths: 0.
num_space_committed: 1121.
num_space_uncommitted: 0.
num_chunks_returned_to_freelist: 27.
num_chunks_taken_from_freelist: 4674.
num_chunk_merges: 17.
num_chunk_splits: 2828.
num_chunks_enlarged: 1534.
num_inconsistent_stats: 0.

CodeHeap 'non-profiled nmethods': size=120000Kb used=9324Kb max_used=9324Kb free=110675Kb
 bounds [0x000001f9ae4c0000, 0x000001f9aede0000, 0x000001f9b59f0000]
CodeHeap 'profiled nmethods': size=120000Kb used=29256Kb max_used=29256Kb free=90743Kb
 bounds [0x000001f9a69f0000, 0x000001f9a8690000, 0x000001f9adf20000]
CodeHeap 'non-nmethods': size=5760Kb used=1476Kb max_used=1528Kb free=4283Kb
 bounds [0x000001f9adf20000, 0x000001f9ae190000, 0x000001f9ae4c0000]
CodeCache: size=245760Kb, used=40056Kb, max_used=40108Kb, free=205701Kb
 total_blobs=14195, nmethods=13405, adapters=695, full_count=0
Compilation: enabled, stopped_count=0, restarted_count=0

Compilation events (20 events):
Event: 32.173 Thread 0x000001f9a3788630 nmethod 14196 0x000001f9aedd1210 code [0x000001f9aedd13c0, 0x000001f9aedd1568]
Event: 32.173 Thread 0x000001f9a3788630 14198       4       java.io.DataOutputStream::writeByte (14 bytes)
Event: 32.179 Thread 0x000001f9a3788630 nmethod 14198 0x000001f9aedd1710 code [0x000001f9aedd1920, 0x000001f9aedd1e70]
Event: 32.179 Thread 0x000001f9a3788630 14200       4       org.eclipse.osgi.container.ModuleDatabase$Persistence::writeString (99 bytes)
Event: 32.210 Thread 0x000001f9a3788630 nmethod 14200 0x000001f9aedd2410 code [0x000001f9aedd27c0, 0x000001f9aedd3df8]
Event: 32.211 Thread 0x000001f9a3788630 14194       4       java.util.Collections$UnmodifiableCollection::isEmpty (10 bytes)
Event: 32.211 Thread 0x000001f9a3788630 nmethod 14194 0x000001f9aedd5410 code [0x000001f9aedd55a0, 0x000001f9aedd5650]
Event: 32.480 Thread 0x000001f9a3788630 14216       4       org.eclipse.jdt.core.compiler.CharOperation::fragmentEquals (89 bytes)
Event: 32.482 Thread 0x000001f9a3788630 nmethod 14216 0x000001f9aedd5710 code [0x000001f9aedd58a0, 0x000001f9aedd5a20]
Event: 32.482 Thread 0x000001f9a3788630 14217       4       org.eclipse.jdt.core.Signature::checkName (102 bytes)
Event: 32.484 Thread 0x000001f9a3788630 nmethod 14217 0x000001f9aedd5b90 code [0x000001f9aedd5d20, 0x000001f9aedd5e90]
Event: 33.212 Thread 0x000001f9a3788630 14218       4       org.eclipse.jdt.internal.compiler.classfmt.AnnotationInfo::scanAnnotation (330 bytes)
Event: 33.237 Thread 0x000001f9a3788630 nmethod 14218 0x000001f9aedd6010 code [0x000001f9aedd6280, 0x000001f9aedd7720]
Event: 33.360 Thread 0x000001f9a3788630 14219       4       org.eclipse.jdt.core.Signature::encodeTypeSignature (908 bytes)
Event: 33.366 Thread 0x000001f9a378c0c0 14220       1       org.eclipse.jdt.internal.compiler.classfmt.ModuleInfo$ServiceInfo::with (5 bytes)
Event: 33.366 Thread 0x000001f9a378c0c0 nmethod 14220 0x000001f9aedd7d10 code [0x000001f9aedd7ea0, 0x000001f9aedd7f68]
Event: 33.385 Thread 0x000001f9a3788630 nmethod 14219 0x000001f9aedd8010 code [0x000001f9aedd8480, 0x000001f9aedd9c38]
Event: 33.440 Thread 0x000001f9a378c0c0 14221       3       org.eclipse.jdt.internal.core.index.DiskIndex::computeDocumentNames (607 bytes)
Event: 33.442 Thread 0x000001f9a378c0c0 nmethod 14221 0x000001f9a867e690 code [0x000001f9a867eac0, 0x000001f9a8680f98]
Event: 34.053 Thread 0x000001f9a3788630 14222 % !   4       org.eclipse.jdt.internal.core.index.DiskIndex::mergeWith @ 262 (623 bytes)

GC Heap History (20 events):
Event: 33.918 GC heap before
{Heap before GC invocations=941 (full 3):
 PSYoungGen      total 2048K, used 1096K [0x00000000d5580000, 0x00000000d5e80000, 0x0000000100000000)
  eden space 512K, 100% used [0x00000000d5580000,0x00000000d5600000,0x00000000d5600000)
  from space 1536K, 38% used [0x00000000d5c00000,0x00000000d5c92000,0x00000000d5d80000)
  to   space 1024K, 0% used [0x00000000d5d80000,0x00000000d5d80000,0x00000000d5e80000)
 ParOldGen       total 791552K, used 791121K [0x0000000080000000, 0x00000000b0500000, 0x00000000d5580000)
  object space 791552K, 99% used [0x0000000080000000,0x00000000b0494618,0x00000000b0500000)
 Metaspace       used 70249K, committed 71744K, reserved 1114112K
  class space    used 7277K, committed 7936K, reserved 1048576K
}
Event: 33.923 GC heap after
{Heap after GC invocations=941 (full 3):
 PSYoungGen      total 1536K, used 584K [0x00000000d5580000, 0x00000000d5e80000, 0x0000000100000000)
  eden space 512K, 0% used [0x00000000d5580000,0x00000000d5580000,0x00000000d5600000)
  from space 1024K, 57% used [0x00000000d5d80000,0x00000000d5e12000,0x00000000d5e80000)
  to   space 1024K, 0% used [0x00000000d5c80000,0x00000000d5c80000,0x00000000d5d80000)
 ParOldGen       total 792064K, used 791585K [0x0000000080000000, 0x00000000b0580000, 0x00000000d5580000)
  object space 792064K, 99% used [0x0000000080000000,0x00000000b0508608,0x00000000b0580000)
 Metaspace       used 70249K, committed 71744K, reserved 1114112K
  class space    used 7277K, committed 7936K, reserved 1048576K
}
Event: 33.939 GC heap before
{Heap before GC invocations=942 (full 3):
 PSYoungGen      total 1536K, used 1096K [0x00000000d5580000, 0x00000000d5e80000, 0x0000000100000000)
  eden space 512K, 100% used [0x00000000d5580000,0x00000000d5600000,0x00000000d5600000)
  from space 1024K, 57% used [0x00000000d5d80000,0x00000000d5e12000,0x00000000d5e80000)
  to   space 1024K, 0% used [0x00000000d5c80000,0x00000000d5c80000,0x00000000d5d80000)
 ParOldGen       total 792064K, used 791585K [0x0000000080000000, 0x00000000b0580000, 0x00000000d5580000)
  object space 792064K, 99% used [0x0000000080000000,0x00000000b0508608,0x00000000b0580000)
 Metaspace       used 70249K, committed 71744K, reserved 1114112K
  class space    used 7277K, committed 7936K, reserved 1048576K
}
Event: 33.943 GC heap after
{Heap after GC invocations=942 (full 3):
 PSYoungGen      total 1536K, used 627K [0x00000000d5580000, 0x00000000d5e00000, 0x0000000100000000)
  eden space 512K, 0% used [0x00000000d5580000,0x00000000d5580000,0x00000000d5600000)
  from space 1024K, 61% used [0x00000000d5c80000,0x00000000d5d1cdd8,0x00000000d5d80000)
  to   space 512K, 0% used [0x00000000d5d80000,0x00000000d5d80000,0x00000000d5e00000)
 ParOldGen       total 792576K, used 792112K [0x0000000080000000, 0x00000000b0600000, 0x00000000d5580000)
  object space 792576K, 99% used [0x0000000080000000,0x00000000b058c0b0,0x00000000b0600000)
 Metaspace       used 70249K, committed 71744K, reserved 1114112K
  class space    used 7277K, committed 7936K, reserved 1048576K
}
Event: 33.965 GC heap before
{Heap before GC invocations=943 (full 3):
 PSYoungGen      total 1536K, used 1139K [0x00000000d5580000, 0x00000000d5e00000, 0x0000000100000000)
  eden space 512K, 100% used [0x00000000d5580000,0x00000000d5600000,0x00000000d5600000)
  from space 1024K, 61% used [0x00000000d5c80000,0x00000000d5d1cdd8,0x00000000d5d80000)
  to   space 512K, 0% used [0x00000000d5d80000,0x00000000d5d80000,0x00000000d5e00000)
 ParOldGen       total 792576K, used 792112K [0x0000000080000000, 0x00000000b0600000, 0x00000000d5580000)
  object space 792576K, 99% used [0x0000000080000000,0x00000000b058c0b0,0x00000000b0600000)
 Metaspace       used 70249K, committed 71744K, reserved 1114112K
  class space    used 7277K, committed 7936K, reserved 1048576K
}
Event: 33.967 GC heap after
{Heap after GC invocations=943 (full 3):
 PSYoungGen      total 1024K, used 512K [0x00000000d5580000, 0x00000000d5e00000, 0x0000000100000000)
  eden space 512K, 0% used [0x00000000d5580000,0x00000000d5580000,0x00000000d5600000)
  from space 512K, 100% used [0x00000000d5d80000,0x00000000d5e00000,0x00000000d5e00000)
  to   space 1536K, 0% used [0x00000000d5b00000,0x00000000d5b00000,0x00000000d5c80000)
 ParOldGen       total 793088K, used 792672K [0x0000000080000000, 0x00000000b0680000, 0x00000000d5580000)
  object space 793088K, 99% used [0x0000000080000000,0x00000000b06183d8,0x00000000b0680000)
 Metaspace       used 70249K, committed 71744K, reserved 1114112K
  class space    used 7277K, committed 7936K, reserved 1048576K
}
Event: 33.982 GC heap before
{Heap before GC invocations=944 (full 3):
 PSYoungGen      total 1024K, used 846K [0x00000000d5580000, 0x00000000d5e00000, 0x0000000100000000)
  eden space 512K, 65% used [0x00000000d5580000,0x00000000d55d3b40,0x00000000d5600000)
  from space 512K, 100% used [0x00000000d5d80000,0x00000000d5e00000,0x00000000d5e00000)
  to   space 1536K, 0% used [0x00000000d5b00000,0x00000000d5b00000,0x00000000d5c80000)
 ParOldGen       total 793088K, used 792672K [0x0000000080000000, 0x00000000b0680000, 0x00000000d5580000)
  object space 793088K, 99% used [0x0000000080000000,0x00000000b06183d8,0x00000000b0680000)
 Metaspace       used 70249K, committed 71744K, reserved 1114112K
  class space    used 7277K, committed 7936K, reserved 1048576K
}
Event: 33.986 GC heap after
{Heap after GC invocations=944 (full 3):
 PSYoungGen      total 2048K, used 491K [0x00000000d5580000, 0x00000000d5e00000, 0x0000000100000000)
  eden space 512K, 0% used [0x00000000d5580000,0x00000000d5580000,0x00000000d5600000)
  from space 1536K, 32% used [0x00000000d5b00000,0x00000000d5b7ae60,0x00000000d5c80000)
  to   space 1024K, 0% used [0x00000000d5d00000,0x00000000d5d00000,0x00000000d5e00000)
 ParOldGen       total 793600K, used 793163K [0x0000000080000000, 0x00000000b0700000, 0x00000000d5580000)
  object space 793600K, 99% used [0x0000000080000000,0x00000000b0692e50,0x00000000b0700000)
 Metaspace       used 70249K, committed 71744K, reserved 1114112K
  class space    used 7277K, committed 7936K, reserved 1048576K
}
Event: 33.996 GC heap before
{Heap before GC invocations=945 (full 3):
 PSYoungGen      total 2048K, used 1003K [0x00000000d5580000, 0x00000000d5e00000, 0x0000000100000000)
  eden space 512K, 100% used [0x00000000d5580000,0x00000000d5600000,0x00000000d5600000)
  from space 1536K, 32% used [0x00000000d5b00000,0x00000000d5b7ae60,0x00000000d5c80000)
  to   space 1024K, 0% used [0x00000000d5d00000,0x00000000d5d00000,0x00000000d5e00000)
 ParOldGen       total 793600K, used 793163K [0x0000000080000000, 0x00000000b0700000, 0x00000000d5580000)
  object space 793600K, 99% used [0x0000000080000000,0x00000000b0692e50,0x00000000b0700000)
 Metaspace       used 70249K, committed 71744K, reserved 1114112K
  class space    used 7277K, committed 7936K, reserved 1048576K
}
Event: 33.998 GC heap after
{Heap after GC invocations=945 (full 3):
 PSYoungGen      total 1536K, used 704K [0x00000000d5580000, 0x00000000d5e00000, 0x0000000100000000)
  eden space 512K, 0% used [0x00000000d5580000,0x00000000d5580000,0x00000000d5600000)
  from space 1024K, 68% used [0x00000000d5d00000,0x00000000d5db0000,0x00000000d5e00000)
  to   space 1024K, 0% used [0x00000000d5c00000,0x00000000d5c00000,0x00000000d5d00000)
 ParOldGen       total 793600K, used 793533K [0x0000000080000000, 0x00000000b0700000, 0x00000000d5580000)
  object space 793600K, 99% used [0x0000000080000000,0x00000000b06ef758,0x00000000b0700000)
 Metaspace       used 70249K, committed 71744K, reserved 1114112K
  class space    used 7277K, committed 7936K, reserved 1048576K
}
Event: 34.017 GC heap before
{Heap before GC invocations=946 (full 3):
 PSYoungGen      total 1536K, used 1216K [0x00000000d5580000, 0x00000000d5e00000, 0x0000000100000000)
  eden space 512K, 100% used [0x00000000d5580000,0x00000000d5600000,0x00000000d5600000)
  from space 1024K, 68% used [0x00000000d5d00000,0x00000000d5db0000,0x00000000d5e00000)
  to   space 1024K, 0% used [0x00000000d5c00000,0x00000000d5c00000,0x00000000d5d00000)
 ParOldGen       total 793600K, used 793533K [0x0000000080000000, 0x00000000b0700000, 0x00000000d5580000)
  object space 793600K, 99% used [0x0000000080000000,0x00000000b06ef758,0x00000000b0700000)
 Metaspace       used 70249K, committed 71744K, reserved 1114112K
  class space    used 7277K, committed 7936K, reserved 1048576K
}
Event: 34.022 GC heap after
{Heap after GC invocations=946 (full 3):
 PSYoungGen      total 1536K, used 608K [0x00000000d5580000, 0x00000000d5d80000, 0x0000000100000000)
  eden space 512K, 0% used [0x00000000d5580000,0x00000000d5580000,0x00000000d5600000)
  from space 1024K, 59% used [0x00000000d5c00000,0x00000000d5c98000,0x00000000d5d00000)
  to   space 512K, 0% used [0x00000000d5d00000,0x00000000d5d00000,0x00000000d5d80000)
 ParOldGen       total 794112K, used 794093K [0x0000000080000000, 0x00000000b0780000, 0x00000000d5580000)
  object space 794112K, 99% used [0x0000000080000000,0x00000000b077b758,0x00000000b0780000)
 Metaspace       used 70249K, committed 71744K, reserved 1114112K
  class space    used 7277K, committed 7936K, reserved 1048576K
}
Event: 34.041 GC heap before
{Heap before GC invocations=947 (full 3):
 PSYoungGen      total 1536K, used 1120K [0x00000000d5580000, 0x00000000d5d80000, 0x0000000100000000)
  eden space 512K, 100% used [0x00000000d5580000,0x00000000d5600000,0x00000000d5600000)
  from space 1024K, 59% used [0x00000000d5c00000,0x00000000d5c98000,0x00000000d5d00000)
  to   space 512K, 0% used [0x00000000d5d00000,0x00000000d5d00000,0x00000000d5d80000)
 ParOldGen       total 794112K, used 794093K [0x0000000080000000, 0x00000000b0780000, 0x00000000d5580000)
  object space 794112K, 99% used [0x0000000080000000,0x00000000b077b758,0x00000000b0780000)
 Metaspace       used 70249K, committed 71744K, reserved 1114112K
  class space    used 7277K, committed 7936K, reserved 1048576K
}
Event: 34.044 GC heap after
{Heap after GC invocations=947 (full 3):
 PSYoungGen      total 1024K, used 512K [0x00000000d5580000, 0x00000000d5d80000, 0x0000000100000000)
  eden space 512K, 0% used [0x00000000d5580000,0x00000000d5580000,0x00000000d5600000)
  from space 512K, 100% used [0x00000000d5d00000,0x00000000d5d80000,0x00000000d5d80000)
  to   space 1536K, 0% used [0x00000000d5a80000,0x00000000d5a80000,0x00000000d5c00000)
 ParOldGen       total 795136K, used 794667K [0x0000000080000000, 0x00000000b0880000, 0x00000000d5580000)
  object space 795136K, 99% used [0x0000000080000000,0x00000000b080aca8,0x00000000b0880000)
 Metaspace       used 70249K, committed 71744K, reserved 1114112K
  class space    used 7277K, committed 7936K, reserved 1048576K
}
Event: 34.062 GC heap before
{Heap before GC invocations=948 (full 3):
 PSYoungGen      total 1024K, used 1023K [0x00000000d5580000, 0x00000000d5d80000, 0x0000000100000000)
  eden space 512K, 99% used [0x00000000d5580000,0x00000000d55ffe88,0x00000000d5600000)
  from space 512K, 100% used [0x00000000d5d00000,0x00000000d5d80000,0x00000000d5d80000)
  to   space 1536K, 0% used [0x00000000d5a80000,0x00000000d5a80000,0x00000000d5c00000)
 ParOldGen       total 795136K, used 794667K [0x0000000080000000, 0x00000000b0880000, 0x00000000d5580000)
  object space 795136K, 99% used [0x0000000080000000,0x00000000b080aca8,0x00000000b0880000)
 Metaspace       used 70249K, committed 71744K, reserved 1114112K
  class space    used 7277K, committed 7936K, reserved 1048576K
}
Event: 34.067 GC heap after
{Heap after GC invocations=948 (full 3):
 PSYoungGen      total 2048K, used 576K [0x00000000d5580000, 0x00000000d5d80000, 0x0000000100000000)
  eden space 512K, 0% used [0x00000000d5580000,0x00000000d5580000,0x00000000d5600000)
  from space 1536K, 37% used [0x00000000d5a80000,0x00000000d5b10000,0x00000000d5c00000)
  to   space 1024K, 0% used [0x00000000d5c80000,0x00000000d5c80000,0x00000000d5d80000)
 ParOldGen       total 795648K, used 795144K [0x0000000080000000, 0x00000000b0900000, 0x00000000d5580000)
  object space 795648K, 99% used [0x0000000080000000,0x00000000b08821f8,0x00000000b0900000)
 Metaspace       used 70249K, committed 71744K, reserved 1114112K
  class space    used 7277K, committed 7936K, reserved 1048576K
}
Event: 34.091 GC heap before
{Heap before GC invocations=949 (full 3):
 PSYoungGen      total 2048K, used 1059K [0x00000000d5580000, 0x00000000d5d80000, 0x0000000100000000)
  eden space 512K, 94% used [0x00000000d5580000,0x00000000d55f8ff0,0x00000000d5600000)
  from space 1536K, 37% used [0x00000000d5a80000,0x00000000d5b10000,0x00000000d5c00000)
  to   space 1024K, 0% used [0x00000000d5c80000,0x00000000d5c80000,0x00000000d5d80000)
 ParOldGen       total 796160K, used 796040K [0x0000000080000000, 0x00000000b0980000, 0x00000000d5580000)
  object space 796160K, 99% used [0x0000000080000000,0x00000000b09621f8,0x00000000b0980000)
 Metaspace       used 70249K, committed 71744K, reserved 1114112K
  class space    used 7277K, committed 7936K, reserved 1048576K
}
Event: 34.095 GC heap after
{Heap after GC invocations=949 (full 3):
 PSYoungGen      total 1536K, used 624K [0x00000000d5580000, 0x00000000d5d80000, 0x0000000100000000)
  eden space 512K, 0% used [0x00000000d5580000,0x00000000d5580000,0x00000000d5600000)
  from space 1024K, 60% used [0x00000000d5c80000,0x00000000d5d1c000,0x00000000d5d80000)
  to   space 1024K, 0% used [0x00000000d5b80000,0x00000000d5b80000,0x00000000d5c80000)
 ParOldGen       total 796672K, used 796568K [0x0000000080000000, 0x00000000b0a00000, 0x00000000d5580000)
  object space 796672K, 99% used [0x0000000080000000,0x00000000b09e61f8,0x00000000b0a00000)
 Metaspace       used 70249K, committed 71744K, reserved 1114112K
  class space    used 7277K, committed 7936K, reserved 1048576K
}
Event: 34.107 GC heap before
{Heap before GC invocations=950 (full 3):
 PSYoungGen      total 1536K, used 1136K [0x00000000d5580000, 0x00000000d5d80000, 0x0000000100000000)
  eden space 512K, 100% used [0x00000000d5580000,0x00000000d5600000,0x00000000d5600000)
  from space 1024K, 60% used [0x00000000d5c80000,0x00000000d5d1c000,0x00000000d5d80000)
  to   space 1024K, 0% used [0x00000000d5b80000,0x00000000d5b80000,0x00000000d5c80000)
 ParOldGen       total 796672K, used 796568K [0x0000000080000000, 0x00000000b0a00000, 0x00000000d5580000)
  object space 796672K, 99% used [0x0000000080000000,0x00000000b09e61f8,0x00000000b0a00000)
 Metaspace       used 70249K, committed 71744K, reserved 1114112K
  class space    used 7277K, committed 7936K, reserved 1048576K
}
Event: 34.111 GC heap after
{Heap after GC invocations=950 (full 3):
 PSYoungGen      total 1536K, used 627K [0x00000000d5580000, 0x00000000d5d00000, 0x0000000100000000)
  eden space 512K, 0% used [0x00000000d5580000,0x00000000d5580000,0x00000000d5600000)
  from space 1024K, 61% used [0x00000000d5b80000,0x00000000d5c1cdd8,0x00000000d5c80000)
  to   space 512K, 0% used [0x00000000d5c80000,0x00000000d5c80000,0x00000000d5d00000)
 ParOldGen       total 797184K, used 797075K [0x0000000080000000, 0x00000000b0a80000, 0x00000000d5580000)
  object space 797184K, 99% used [0x0000000080000000,0x00000000b0a64c98,0x00000000b0a80000)
 Metaspace       used 70249K, committed 71744K, reserved 1114112K
  class space    used 7277K, committed 7936K, reserved 1048576K
}

Dll operation events (10 events):
Event: 0.014 Loaded shared library c:\Users\maste\.vscode\extensions\redhat.java-1.44.0-win32-x64\jre\21.0.8-win32-x86_64\bin\java.dll
Event: 0.087 Loaded shared library c:\Users\maste\.vscode\extensions\redhat.java-1.44.0-win32-x64\jre\21.0.8-win32-x86_64\bin\zip.dll
Event: 0.110 Loaded shared library C:\Users\maste\.vscode\extensions\redhat.java-1.44.0-win32-x64\jre\21.0.8-win32-x86_64\bin\instrument.dll
Event: 0.117 Loaded shared library C:\Users\maste\.vscode\extensions\redhat.java-1.44.0-win32-x64\jre\21.0.8-win32-x86_64\bin\net.dll
Event: 0.119 Loaded shared library C:\Users\maste\.vscode\extensions\redhat.java-1.44.0-win32-x64\jre\21.0.8-win32-x86_64\bin\nio.dll
Event: 0.123 Loaded shared library C:\Users\maste\.vscode\extensions\redhat.java-1.44.0-win32-x64\jre\21.0.8-win32-x86_64\bin\zip.dll
Event: 0.141 Loaded shared library C:\Users\maste\.vscode\extensions\redhat.java-1.44.0-win32-x64\jre\21.0.8-win32-x86_64\bin\jimage.dll
Event: 0.228 Loaded shared library c:\Users\maste\.vscode\extensions\redhat.java-1.44.0-win32-x64\jre\21.0.8-win32-x86_64\bin\verify.dll
Event: 1.990 Loaded shared library C:\Users\maste\AppData\Roaming\Code\User\globalStorage\redhat.java\1.44.0\config_win\org.eclipse.equinox.launcher\org.eclipse.equinox.launcher.win32.win32.x86_64_1.2.1400.v20250730-1736\eclipse_11913.dll
Event: 3.933 Loaded shared library C:\Users\maste\AppData\Local\Temp\jna--1052682245\jna10891806226661860245.dll

Deoptimization events (20 events):
Event: 29.834 Thread 0x000001f9fd86f0f0 DEOPT PACKING pc=0x000001f9a7bdcd5b sp=0x000000f08b1fd9f0
Event: 29.834 Thread 0x000001f9fd86f0f0 DEOPT UNPACKING pc=0x000001f9adf778e2 sp=0x000000f08b1fcf10 mode 0
Event: 30.437 Thread 0x000001f9fd86f780 Uncommon trap: trap_request=0xffffff45 fr.pc=0x000001f9aec0527c relative=0x000000000000857c
Event: 30.437 Thread 0x000001f9fd86f780 Uncommon trap: reason=unstable_if action=reinterpret pc=0x000001f9aec0527c method=org.eclipse.jdt.internal.core.search.indexing.AbstractIndexer.addClassDeclaration(I[C[C[[C[C[[C[[CZ)V @ 13 c2
Event: 30.437 Thread 0x000001f9fd86f780 DEOPT PACKING pc=0x000001f9aec0527c sp=0x000000f08c4fecc0
Event: 30.437 Thread 0x000001f9fd86f780 DEOPT UNPACKING pc=0x000001f9adf76da2 sp=0x000000f08c4feb98 mode 2
Event: 30.437 Thread 0x000001f9fd86f780 Uncommon trap: trap_request=0xffffff45 fr.pc=0x000001f9ae98a3f0 relative=0x0000000000002b50
Event: 30.437 Thread 0x000001f9fd86f780 Uncommon trap: reason=unstable_if action=reinterpret pc=0x000001f9ae98a3f0 method=org.eclipse.jdt.internal.core.search.matching.SuperTypeReferencePattern.createIndexKey(I[C[C[[C[[CC[CC)[C @ 2 c2
Event: 30.437 Thread 0x000001f9fd86f780 DEOPT PACKING pc=0x000001f9ae98a3f0 sp=0x000000f08c4feaa0
Event: 30.437 Thread 0x000001f9fd86f780 DEOPT UNPACKING pc=0x000001f9adf76da2 sp=0x000000f08c4fea70 mode 2
Event: 30.474 Thread 0x000001f9fd86f780 Uncommon trap: trap_request=0xffffff45 fr.pc=0x000001f9aec469c8 relative=0x0000000000000948
Event: 30.474 Thread 0x000001f9fd86f780 Uncommon trap: reason=unstable_if action=reinterpret pc=0x000001f9aec469c8 method=org.eclipse.jdt.internal.compiler.classfmt.AnnotationInfo.scanAnnotation(IZZ)I @ 282 c2
Event: 30.474 Thread 0x000001f9fd86f780 DEOPT PACKING pc=0x000001f9aec469c8 sp=0x000000f08c4fe860
Event: 30.474 Thread 0x000001f9fd86f780 DEOPT UNPACKING pc=0x000001f9adf76da2 sp=0x000000f08c4fe808 mode 2
Event: 30.854 Thread 0x000001f9fd86f780 DEOPT PACKING pc=0x000001f9a8102829 sp=0x000000f08c4ff020
Event: 30.854 Thread 0x000001f9fd86f780 DEOPT UNPACKING pc=0x000001f9adf778e2 sp=0x000000f08c4fe550 mode 0
Event: 31.729 Thread 0x000001f9a37741b0 Uncommon trap: trap_request=0xffffff45 fr.pc=0x000001f9aed4695c relative=0x000000000000047c
Event: 31.729 Thread 0x000001f9a37741b0 Uncommon trap: reason=unstable_if action=reinterpret pc=0x000001f9aed4695c method=java.util.HashMap.removeNode(ILjava/lang/Object;Ljava/lang/Object;ZZ)Ljava/util/HashMap$Node; @ 62 c2
Event: 31.729 Thread 0x000001f9a37741b0 DEOPT PACKING pc=0x000001f9aed4695c sp=0x000000f08b8feea0
Event: 31.729 Thread 0x000001f9a37741b0 DEOPT UNPACKING pc=0x000001f9adf76da2 sp=0x000000f08b8feda0 mode 2

Classes loaded (20 events):
Event: 29.003 Loading class java/util/concurrent/ConcurrentHashMap$TreeBin
Event: 29.004 Loading class java/util/concurrent/ConcurrentHashMap$TreeBin done
Event: 29.552 Loading class java/util/HashMap$EntrySpliterator
Event: 29.553 Loading class java/util/HashMap$EntrySpliterator done
Event: 29.582 Loading class java/util/stream/ReduceOps$5
Event: 29.586 Loading class java/util/stream/ReduceOps$5 done
Event: 29.586 Loading class java/util/stream/ReduceOps$CountingSink$OfRef
Event: 29.586 Loading class java/util/stream/ReduceOps$CountingSink
Event: 29.586 Loading class java/util/stream/ReduceOps$CountingSink done
Event: 29.586 Loading class java/util/stream/ReduceOps$CountingSink$OfRef done
Event: 29.744 Loading class java/util/stream/ReduceOps$1
Event: 29.745 Loading class java/util/stream/ReduceOps$1 done
Event: 29.745 Loading class java/util/stream/ReduceOps$1ReducingSink
Event: 29.745 Loading class java/util/stream/ReduceOps$1ReducingSink done
Event: 31.784 Loading class sun/nio/cs/ISO_8859_1$Encoder
Event: 31.785 Loading class sun/nio/cs/ISO_8859_1$Encoder done
Event: 31.785 Loading class sun/nio/cs/Surrogate$Parser
Event: 31.785 Loading class sun/nio/cs/Surrogate$Parser done
Event: 31.785 Loading class sun/nio/cs/Surrogate
Event: 31.786 Loading class sun/nio/cs/Surrogate done

Classes unloaded (7 events):
Event: 4.578 Thread 0x000001f9a3752770 Unloading class 0x000001f9bc1a9800 'java/lang/invoke/LambdaForm$MH+0x000001f9bc1a9800'
Event: 4.578 Thread 0x000001f9a3752770 Unloading class 0x000001f9bc1a9400 'java/lang/invoke/LambdaForm$MH+0x000001f9bc1a9400'
Event: 4.578 Thread 0x000001f9a3752770 Unloading class 0x000001f9bc1a9000 'java/lang/invoke/LambdaForm$MH+0x000001f9bc1a9000'
Event: 4.578 Thread 0x000001f9a3752770 Unloading class 0x000001f9bc1a8c00 'java/lang/invoke/LambdaForm$MH+0x000001f9bc1a8c00'
Event: 4.578 Thread 0x000001f9a3752770 Unloading class 0x000001f9bc1a8800 'java/lang/invoke/LambdaForm$BMH+0x000001f9bc1a8800'
Event: 4.578 Thread 0x000001f9a3752770 Unloading class 0x000001f9bc1a8400 'java/lang/invoke/LambdaForm$DMH+0x000001f9bc1a8400'
Event: 4.578 Thread 0x000001f9a3752770 Unloading class 0x000001f9bc1a3000 'java/lang/invoke/LambdaForm$DMH+0x000001f9bc1a3000'

Classes redefined (0 events):
No events

Internal exceptions (20 events):
Event: 29.284 Thread 0x000001f9fd86f0f0 Exception <a 'sun/nio/fs/WindowsException'{0x00000000d593fe70}> (0x00000000d593fe70) 
thrown [s\src\hotspot\share\prims\jni.cpp, line 520]
Event: 29.285 Thread 0x000001f9fd86f0f0 Exception <a 'sun/nio/fs/WindowsException'{0x00000000d5941af0}> (0x00000000d5941af0) 
thrown [s\src\hotspot\share\prims\jni.cpp, line 520]
Event: 29.285 Thread 0x000001f9fd86f0f0 Exception <a 'sun/nio/fs/WindowsException'{0x00000000d5942340}> (0x00000000d5942340) 
thrown [s\src\hotspot\share\prims\jni.cpp, line 520]
Event: 29.289 Thread 0x000001f9fd86f0f0 Exception <a 'sun/nio/fs/WindowsException'{0x00000000d59739c0}> (0x00000000d59739c0) 
thrown [s\src\hotspot\share\prims\jni.cpp, line 520]
Event: 29.289 Thread 0x000001f9fd86f0f0 Exception <a 'sun/nio/fs/WindowsException'{0x00000000d59744c0}> (0x00000000d59744c0) 
thrown [s\src\hotspot\share\prims\jni.cpp, line 520]
Event: 29.423 Thread 0x000001f9fd86f0f0 Exception <a 'sun/nio/fs/WindowsException'{0x00000000d5854fc8}> (0x00000000d5854fc8) 
thrown [s\src\hotspot\share\prims\jni.cpp, line 520]
Event: 29.423 Thread 0x000001f9fd86f0f0 Exception <a 'sun/nio/fs/WindowsException'{0x00000000d5855818}> (0x00000000d5855818) 
thrown [s\src\hotspot\share\prims\jni.cpp, line 520]
Event: 29.423 Thread 0x000001f9fd86f0f0 Exception <a 'sun/nio/fs/WindowsException'{0x00000000d5856a08}> (0x00000000d5856a08) 
thrown [s\src\hotspot\share\prims\jni.cpp, line 520]
Event: 29.423 Thread 0x000001f9fd86f0f0 Exception <a 'sun/nio/fs/WindowsException'{0x00000000d5857258}> (0x00000000d5857258) 
thrown [s\src\hotspot\share\prims\jni.cpp, line 520]
Event: 29.424 Thread 0x000001f9fd86f0f0 Exception <a 'sun/nio/fs/WindowsException'{0x00000000d5859178}> (0x00000000d5859178) 
thrown [s\src\hotspot\share\prims\jni.cpp, line 520]
Event: 29.424 Thread 0x000001f9fd86f0f0 Exception <a 'sun/nio/fs/WindowsException'{0x00000000d58599c8}> (0x00000000d58599c8) 
thrown [s\src\hotspot\share\prims\jni.cpp, line 520]
Event: 29.428 Thread 0x000001f9fd86f0f0 Exception <a 'sun/nio/fs/WindowsException'{0x00000000d5876898}> (0x00000000d5876898) 
thrown [s\src\hotspot\share\prims\jni.cpp, line 520]
Event: 29.428 Thread 0x000001f9fd86f0f0 Exception <a 'sun/nio/fs/WindowsException'{0x00000000d5877398}> (0x00000000d5877398) 
thrown [s\src\hotspot\share\prims\jni.cpp, line 520]
Event: 29.604 Thread 0x000001f9fd86f0f0 Exception <a 'sun/nio/fs/WindowsException'{0x00000000d57d4fe0}> (0x00000000d57d4fe0) 
thrown [s\src\hotspot\share\prims\jni.cpp, line 520]
Event: 29.605 Thread 0x000001f9fd86f0f0 Exception <a 'sun/nio/fs/WindowsException'{0x00000000d57d5830}> (0x00000000d57d5830) 
thrown [s\src\hotspot\share\prims\jni.cpp, line 520]
Event: 29.757 Thread 0x000001f9fd86f0f0 Exception <a 'java/lang/NoSuchMethodError'{0x00000000d560e3a0}: 'java.lang.Object java.lang.invoke.DirectMethodHandle$Holder.invokeStatic(java.lang.Object, java.lang.Object, int, java.lang.Object)'> (0x00000000d560e3a0) 
thrown [s\src\hotspot\share\interpreter\linkResolver.cpp, line 773]
Event: 29.872 Thread 0x000001f9842393a0 Exception <a 'sun/nio/fs/WindowsException'{0x00000000d561e6e0}> (0x00000000d561e6e0) 
thrown [s\src\hotspot\share\prims\jni.cpp, line 520]
Event: 29.873 Thread 0x000001f9842393a0 Exception <a 'sun/nio/fs/WindowsException'{0x00000000d5623fb0}> (0x00000000d5623fb0) 
thrown [s\src\hotspot\share\prims\jni.cpp, line 520]
Event: 30.437 Thread 0x000001f9fd86f780 Implicit null exception at 0x000001f9aebfe200 to 0x000001f9aec05208
Event: 30.437 Thread 0x000001f9fd86f780 Implicit null exception at 0x000001f9ae9878e2 to 0x000001f9ae98a3d8

ZGC Phase Switch (0 events):
No events

VM Operations (20 events):
Event: 33.918 Executing VM operation: ParallelGCFailedAllocation (Allocation Failure)
Event: 33.923 Executing VM operation: ParallelGCFailedAllocation (Allocation Failure) done
Event: 33.939 Executing VM operation: ParallelGCFailedAllocation (Allocation Failure)
Event: 33.943 Executing VM operation: ParallelGCFailedAllocation (Allocation Failure) done
Event: 33.965 Executing VM operation: ParallelGCFailedAllocation (Allocation Failure)
Event: 33.967 Executing VM operation: ParallelGCFailedAllocation (Allocation Failure) done
Event: 33.982 Executing VM operation: ParallelGCFailedAllocation (Allocation Failure)
Event: 33.986 Executing VM operation: ParallelGCFailedAllocation (Allocation Failure) done
Event: 33.996 Executing VM operation: ParallelGCFailedAllocation (Allocation Failure)
Event: 33.998 Executing VM operation: ParallelGCFailedAllocation (Allocation Failure) done
Event: 34.017 Executing VM operation: ParallelGCFailedAllocation (Allocation Failure)
Event: 34.022 Executing VM operation: ParallelGCFailedAllocation (Allocation Failure) done
Event: 34.041 Executing VM operation: ParallelGCFailedAllocation (Allocation Failure)
Event: 34.044 Executing VM operation: ParallelGCFailedAllocation (Allocation Failure) done
Event: 34.062 Executing VM operation: ParallelGCFailedAllocation (Allocation Failure)
Event: 34.067 Executing VM operation: ParallelGCFailedAllocation (Allocation Failure) done
Event: 34.091 Executing VM operation: ParallelGCFailedAllocation (Allocation Failure)
Event: 34.095 Executing VM operation: ParallelGCFailedAllocation (Allocation Failure) done
Event: 34.107 Executing VM operation: ParallelGCFailedAllocation (Allocation Failure)
Event: 34.111 Executing VM operation: ParallelGCFailedAllocation (Allocation Failure) done

Memory protections (0 events):
No events

Nmethod flushes (20 events):
Event: 11.995 Thread 0x000001f9a3752770 flushing  nmethod 0x000001f9a72d5090
Event: 11.995 Thread 0x000001f9a3752770 flushing  nmethod 0x000001f9a72d6110
Event: 11.995 Thread 0x000001f9a3752770 flushing  nmethod 0x000001f9a72d7410
Event: 11.995 Thread 0x000001f9a3752770 flushing  nmethod 0x000001f9a72d7b10
Event: 11.995 Thread 0x000001f9a3752770 flushing  nmethod 0x000001f9a72f2110
Event: 11.995 Thread 0x000001f9a3752770 flushing  nmethod 0x000001f9a731d590
Event: 11.995 Thread 0x000001f9a3752770 flushing  nmethod 0x000001f9a7325510
Event: 11.995 Thread 0x000001f9a3752770 flushing  nmethod 0x000001f9a7326d90
Event: 11.995 Thread 0x000001f9a3752770 flushing  nmethod 0x000001f9a732a290
Event: 11.995 Thread 0x000001f9a3752770 flushing  nmethod 0x000001f9a732b010
Event: 11.995 Thread 0x000001f9a3752770 flushing  nmethod 0x000001f9a732b490
Event: 11.995 Thread 0x000001f9a3752770 flushing  nmethod 0x000001f9a7331490
Event: 11.995 Thread 0x000001f9a3752770 flushing  nmethod 0x000001f9a733c990
Event: 11.995 Thread 0x000001f9a3752770 flushing  nmethod 0x000001f9a7342090
Event: 11.995 Thread 0x000001f9a3752770 flushing  nmethod 0x000001f9a73a8210
Event: 11.995 Thread 0x000001f9a3752770 flushing  nmethod 0x000001f9a73b0d90
Event: 11.995 Thread 0x000001f9a3752770 flushing  nmethod 0x000001f9a73b2910
Event: 11.995 Thread 0x000001f9a3752770 flushing  nmethod 0x000001f9a73b4390
Event: 11.995 Thread 0x000001f9a3752770 flushing  nmethod 0x000001f9a73cf610
Event: 11.995 Thread 0x000001f9a3752770 flushing  nmethod 0x000001f9a73dd890

Events (20 events):
Event: 14.920 Thread 0x000001f98854ed40 Thread exited: 0x000001f98854ed40
Event: 14.920 Thread 0x000001f988553570 Thread exited: 0x000001f988553570
Event: 14.920 Thread 0x000001f988550e10 Thread exited: 0x000001f988550e10
Event: 14.920 Thread 0x000001f98854e6b0 Thread exited: 0x000001f98854e6b0
Event: 14.920 Thread 0x000001f988552ee0 Thread exited: 0x000001f988552ee0
Event: 15.170 Thread 0x000001f9a378c0c0 Thread added: 0x000001f9889a8730
Event: 16.397 Thread 0x000001f9889a8730 Thread exited: 0x000001f9889a8730
Event: 16.803 Thread 0x000001f9fe54a6a0 Thread exited: 0x000001f9fe54a6a0
Event: 17.678 Thread 0x000001f9a3788630 Thread added: 0x000001f9ff9e54d0
Event: 18.074 Thread 0x000001f984239a30 Thread added: 0x000001f988550780
Event: 18.077 Thread 0x000001f984239a30 Thread added: 0x000001f988552ee0
Event: 20.671 Thread 0x000001f988550780 Thread added: 0x000001f9885514a0
Event: 22.176 Thread 0x000001f9ff9e54d0 Thread exited: 0x000001f9ff9e54d0
Event: 28.539 Thread 0x000001f984239a30 Thread added: 0x000001f988553c00
Event: 28.541 Thread 0x000001f988553c00 Thread added: 0x000001f988554920
Event: 28.634 Thread 0x000001f9fd86f0f0 Thread added: 0x000001f988554fb0
Event: 28.805 Thread 0x000001f988554920 Thread added: 0x000001f98854e6b0
Event: 29.629 Thread 0x000001f9885514a0 Thread added: 0x000001f98854ed40
Event: 29.629 Thread 0x000001f988553c00 Thread added: 0x000001f9feeb7450
Event: 33.641 Thread 0x000001f988554fb0 Thread exited: 0x000001f988554fb0


Dynamic libraries:
0x00007ff752350000 - 0x00007ff75235e000 	c:\Users\maste\.vscode\extensions\redhat.java-1.44.0-win32-x64\jre\21.0.8-win32-x86_64\bin\java.exe
0x00007ffb812b0000 - 0x00007ffb814c7000 	C:\Windows\SYSTEM32\ntdll.dll
0x00007ffb80300000 - 0x00007ffb803c4000 	C:\Windows\System32\KERNEL32.DLL
0x00007ffb7e8d0000 - 0x00007ffb7eca3000 	C:\Windows\System32\KERNELBASE.dll
0x00007ffb7ecb0000 - 0x00007ffb7edc1000 	C:\Windows\System32\ucrtbase.dll
0x00007ffb71a60000 - 0x00007ffb71a7e000 	c:\Users\maste\.vscode\extensions\redhat.java-1.44.0-win32-x64\jre\21.0.8-win32-x86_64\bin\VCRUNTIME140.dll
0x00007ffb6f630000 - 0x00007ffb6f648000 	c:\Users\maste\.vscode\extensions\redhat.java-1.44.0-win32-x64\jre\21.0.8-win32-x86_64\bin\jli.dll
0x00007ffb7f210000 - 0x00007ffb7f3c1000 	C:\Windows\System32\USER32.dll
0x00007ffb6cfc0000 - 0x00007ffb6d25b000 	C:\Windows\WinSxS\amd64_microsoft.windows.common-controls_6595b64144ccf1df_6.0.22621.5240_none_2710eadf7384a318\COMCTL32.dll
0x00007ffb7e730000 - 0x00007ffb7e756000 	C:\Windows\System32\win32u.dll
0x00007ffb810b0000 - 0x00007ffb81157000 	C:\Windows\System32\msvcrt.dll
0x00007ffb80770000 - 0x00007ffb80799000 	C:\Windows\System32\GDI32.dll
0x00007ffb7e3a0000 - 0x00007ffb7e4c4000 	C:\Windows\System32\gdi32full.dll
0x00007ffb7e4d0000 - 0x00007ffb7e56a000 	C:\Windows\System32\msvcp_win.dll
0x00007ffb7efb0000 - 0x00007ffb7efe1000 	C:\Windows\System32\IMM32.DLL
0x00007ffb78500000 - 0x00007ffb7850c000 	c:\Users\maste\.vscode\extensions\redhat.java-1.44.0-win32-x64\jre\21.0.8-win32-x86_64\bin\vcruntime140_1.dll
0x00007ffb26030000 - 0x00007ffb260bd000 	c:\Users\maste\.vscode\extensions\redhat.java-1.44.0-win32-x64\jre\21.0.8-win32-x86_64\bin\msvcp140.dll
0x00007ffae8660000 - 0x00007ffae93f7000 	c:\Users\maste\.vscode\extensions\redhat.java-1.44.0-win32-x64\jre\21.0.8-win32-x86_64\bin\server\jvm.dll
0x00007ffb807a0000 - 0x00007ffb80851000 	C:\Windows\System32\ADVAPI32.dll
0x00007ffb800f0000 - 0x00007ffb80197000 	C:\Windows\System32\sechost.dll
0x00007ffb7ef10000 - 0x00007ffb7ef38000 	C:\Windows\System32\bcrypt.dll
0x00007ffb7f460000 - 0x00007ffb7f574000 	C:\Windows\System32\RPCRT4.dll
0x00007ffb7f060000 - 0x00007ffb7f0d1000 	C:\Windows\System32\WS2_32.dll
0x00007ffb7e0c0000 - 0x00007ffb7e10d000 	C:\Windows\SYSTEM32\POWRPROF.dll
0x00007ffb76080000 - 0x00007ffb760b4000 	C:\Windows\SYSTEM32\WINMM.dll
0x00007ffb76070000 - 0x00007ffb7607a000 	C:\Windows\SYSTEM32\VERSION.dll
0x00007ffb7e0a0000 - 0x00007ffb7e0b3000 	C:\Windows\SYSTEM32\UMPDC.dll
0x00007ffb7d3b0000 - 0x00007ffb7d3c8000 	C:\Windows\SYSTEM32\kernel.appcore.dll
0x00007ffb6f620000 - 0x00007ffb6f62a000 	c:\Users\maste\.vscode\extensions\redhat.java-1.44.0-win32-x64\jre\21.0.8-win32-x86_64\bin\jimage.dll
0x00007ffb7bcf0000 - 0x00007ffb7bf22000 	C:\Windows\SYSTEM32\DBGHELP.DLL
0x00007ffb803d0000 - 0x00007ffb80763000 	C:\Windows\System32\combase.dll
0x00007ffb80f20000 - 0x00007ffb80ff7000 	C:\Windows\System32\OLEAUT32.dll
0x00007ffb62b80000 - 0x00007ffb62bb2000 	C:\Windows\SYSTEM32\dbgcore.DLL
0x00007ffb7e6b0000 - 0x00007ffb7e72b000 	C:\Windows\System32\bcryptPrimitives.dll
0x00007ffb6ba00000 - 0x00007ffb6ba0f000 	c:\Users\maste\.vscode\extensions\redhat.java-1.44.0-win32-x64\jre\21.0.8-win32-x86_64\bin\instrument.dll
0x00007ffb67ae0000 - 0x00007ffb67aff000 	c:\Users\maste\.vscode\extensions\redhat.java-1.44.0-win32-x64\jre\21.0.8-win32-x86_64\bin\java.dll
0x00007ffb7f580000 - 0x00007ffb7fe22000 	C:\Windows\System32\SHELL32.dll
0x00007ffb7edd0000 - 0x00007ffb7ef0f000 	C:\Windows\System32\wintypes.dll
0x00007ffb7c260000 - 0x00007ffb7cb7d000 	C:\Windows\SYSTEM32\windows.storage.dll
0x00007ffb7ffe0000 - 0x00007ffb800eb000 	C:\Windows\System32\SHCORE.dll
0x00007ffb7eff0000 - 0x00007ffb7f059000 	C:\Windows\System32\shlwapi.dll
0x00007ffb7e2d0000 - 0x00007ffb7e2fb000 	C:\Windows\SYSTEM32\profapi.dll
0x00007ffb67ac0000 - 0x00007ffb67ad8000 	c:\Users\maste\.vscode\extensions\redhat.java-1.44.0-win32-x64\jre\21.0.8-win32-x86_64\bin\zip.dll
0x00007ffb67ab0000 - 0x00007ffb67ac0000 	C:\Users\maste\.vscode\extensions\redhat.java-1.44.0-win32-x64\jre\21.0.8-win32-x86_64\bin\net.dll
0x00007ffb79e30000 - 0x00007ffb79f5c000 	C:\Windows\SYSTEM32\WINHTTP.dll
0x00007ffb7d820000 - 0x00007ffb7d88a000 	C:\Windows\system32\mswsock.dll
0x00007ffb67a20000 - 0x00007ffb67a36000 	C:\Users\maste\.vscode\extensions\redhat.java-1.44.0-win32-x64\jre\21.0.8-win32-x86_64\bin\nio.dll
0x00007ffb67aa0000 - 0x00007ffb67ab0000 	c:\Users\maste\.vscode\extensions\redhat.java-1.44.0-win32-x64\jre\21.0.8-win32-x86_64\bin\verify.dll
0x00007ffb21d60000 - 0x00007ffb21da5000 	C:\Users\maste\AppData\Roaming\Code\User\globalStorage\redhat.java\1.44.0\config_win\org.eclipse.equinox.launcher\org.eclipse.equinox.launcher.win32.win32.x86_64_1.2.1400.v20250730-1736\eclipse_11913.dll
0x00007ffb7fe30000 - 0x00007ffb7ffd1000 	C:\Windows\System32\ole32.dll
0x00007ffb7da60000 - 0x00007ffb7da7b000 	C:\Windows\SYSTEM32\CRYPTSP.dll
0x00007ffb7d300000 - 0x00007ffb7d337000 	C:\Windows\system32\rsaenh.dll
0x00007ffb7d8f0000 - 0x00007ffb7d918000 	C:\Windows\SYSTEM32\USERENV.dll
0x00007ffb7da80000 - 0x00007ffb7da8c000 	C:\Windows\SYSTEM32\CRYPTBASE.dll
0x00007ffb7cdd0000 - 0x00007ffb7cdfd000 	C:\Windows\SYSTEM32\IPHLPAPI.DLL
0x00007ffb81070000 - 0x00007ffb81079000 	C:\Windows\System32\NSI.dll
0x00007ffb21760000 - 0x00007ffb217a9000 	C:\Users\maste\AppData\Local\Temp\jna--1052682245\jna10891806226661860245.dll
0x00007ffb81080000 - 0x00007ffb81088000 	C:\Windows\System32\PSAPI.DLL
0x00007ffb79c10000 - 0x00007ffb79c29000 	C:\Windows\SYSTEM32\dhcpcsvc6.DLL
0x00007ffb79a20000 - 0x00007ffb79a3f000 	C:\Windows\SYSTEM32\dhcpcsvc.DLL

JVMTI agents:
c:\Users\maste\.vscode\extensions\redhat.java-1.44.0-win32-x64\lombok\lombok-1.18.39-4050.jar path:c:\Users\maste\.vscode\extensions\redhat.java-1.44.0-win32-x64\jre\21.0.8-win32-x86_64\bin\instrument.dll, loaded, initialized, instrumentlib options:none

dbghelp: loaded successfully - version: 4.0.5 - missing functions: none
symbol engine: initialized successfully - sym options: 0x614 - pdb path: .;c:\Users\maste\.vscode\extensions\redhat.java-1.44.0-win32-x64\jre\21.0.8-win32-x86_64\bin;C:\Windows\SYSTEM32;C:\Windows\WinSxS\amd64_microsoft.windows.common-controls_6595b64144ccf1df_6.0.22621.5240_none_2710eadf7384a318;c:\Users\maste\.vscode\extensions\redhat.java-1.44.0-win32-x64\jre\21.0.8-win32-x86_64\bin\server;C:\Users\maste\AppData\Roaming\Code\User\globalStorage\redhat.java\1.44.0\config_win\org.eclipse.equinox.launcher\org.eclipse.equinox.launcher.win32.win32.x86_64_1.2.1400.v20250730-1736;C:\Users\maste\AppData\Local\Temp\jna--1052682245

VM Arguments:
jvm_args: --add-modules=ALL-SYSTEM --add-opens=java.base/java.util=ALL-UNNAMED --add-opens=java.base/java.lang=ALL-UNNAMED --add-opens=java.base/sun.nio.fs=ALL-UNNAMED -Declipse.application=org.eclipse.jdt.ls.core.id1 -Dosgi.bundles.defaultStartLevel=4 -Declipse.product=org.eclipse.jdt.ls.core.product -Djava.import.generatesMetadataFilesAtProjectRoot=false -DDetectVMInstallationsJob.disabled=true -Dfile.encoding=utf8 -XX:+UseParallelGC -XX:GCTimeRatio=4 -XX:AdaptiveSizePolicyWeight=90 -Dsun.zip.disableMemoryMapping=true -Xmx2G -Xms100m -Xlog:disable -javaagent:c:\Users\maste\.vscode\extensions\redhat.java-1.44.0-win32-x64\lombok\lombok-1.18.39-4050.jar -XX:+HeapDumpOnOutOfMemoryError -XX:HeapDumpPath=c:\Users\maste\AppData\Roaming\Code\User\workspaceStorage\dfff14d926b6e334685f5a5e34cec158\redhat.java -Daether.dependencyCollector.impl=bf 
java_command: c:\Users\maste\.vscode\extensions\redhat.java-1.44.0-win32-x64\server\plugins\org.eclipse.equinox.launcher_1.7.0.v20250519-0528.jar -configuration c:\Users\maste\AppData\Roaming\Code\User\globalStorage\redhat.java\1.44.0\config_win -data c:\Users\maste\AppData\Roaming\Code\User\workspaceStorage\dfff14d926b6e334685f5a5e34cec158\redhat.java\jdt_ws --pipe=\\.\pipe\lsp-864d1f0892f1527f44d525ba50f76ad0-sock
java_class_path (initial): c:\Users\maste\.vscode\extensions\redhat.java-1.44.0-win32-x64\server\plugins\org.eclipse.equinox.launcher_1.7.0.v20250519-0528.jar
Launcher Type: SUN_STANDARD

[Global flags]
    uintx AdaptiveSizePolicyWeight                 = 90                                        {product} {command line}
     intx CICompilerCount                          = 4                                         {product} {ergonomic}
    uintx GCTimeRatio                              = 4                                         {product} {command line}
     bool HeapDumpOnOutOfMemoryError               = true                                   {manageable} {command line}
    ccstr HeapDumpPath                             = c:\Users\maste\AppData\Roaming\Code\User\workspaceStorage\dfff14d926b6e334685f5a5e34cec158\redhat.java         {manageable} {command line}
   size_t InitialHeapSize                          = 104857600                                 {product} {command line}
   size_t MaxHeapSize                              = 2147483648                                {product} {command line}
   size_t MaxNewSize                               = 715653120                                 {product} {ergonomic}
   size_t MinHeapDeltaBytes                        = 524288                                    {product} {ergonomic}
   size_t MinHeapSize                              = 104857600                                 {product} {command line}
   size_t NewSize                                  = 34603008                                  {product} {ergonomic}
    uintx NonNMethodCodeHeapSize                   = 5839372                                {pd product} {ergonomic}
    uintx NonProfiledCodeHeapSize                  = 122909434                              {pd product} {ergonomic}
   size_t OldSize                                  = 70254592                                  {product} {ergonomic}
    uintx ProfiledCodeHeapSize                     = 122909434                              {pd product} {ergonomic}
    uintx ReservedCodeCacheSize                    = 251658240                              {pd product} {ergonomic}
     bool SegmentedCodeCache                       = true                                      {product} {ergonomic}
   size_t SoftMaxHeapSize                          = 2147483648                             {manageable} {ergonomic}
     bool UseCompressedOops                        = true                           {product lp64_product} {ergonomic}
     bool UseLargePagesIndividualAllocation        = false                                  {pd product} {ergonomic}
     bool UseParallelGC                            = true                                      {product} {command line}

Logging:
Log output configuration:
 #0: stdout all=off uptime,level,tags foldmultilines=false
 #1: stderr all=off uptime,level,tags foldmultilines=false

Environment Variables:
PATH=C:\Program Files\Common Files\Oracle\Java\javapath;C:\Program Files (x86)\Common Files\Oracle\Java\javapath;C:\Windows\system32;C:\Windows;C:\Windows\System32\Wbem;C:\Windows\System32\WindowsPowerShell\v1.0\;C:\Windows\System32\OpenSSH\;C:\Program Files\dotnet\;C:\Program Files\PowerShell\7\;C:\Program Files\Cloudflare\Cloudflare WARP\;D:\Program Files\Git\cmd;C:\Program Files\nodejs\;C:\Users\maste\AppData\Local\Programs\Python\Launcher\;C:\Program Files\MySQL\MySQL Shell 8.0\bin\;C:\Users\maste\AppData\Local\Microsoft\WindowsApps;C:\Users\maste\AppData\Local\Programs\Microsoft VS Code\bin;C:\msys64\ucrt64\bin;C:\Users\maste\AppData\Roaming\npm
USERNAME=naresh
OS=Windows_NT
PROCESSOR_IDENTIFIER=Intel64 Family 6 Model 140 Stepping 1, GenuineIntel
TMP=C:\Users\maste\AppData\Local\Temp
TEMP=C:\Users\maste\AppData\Local\Temp




Periodic native trim disabled

---------------  S Y S T E M  ---------------

OS:
 Windows 11 , 64 bit Build 22621 (10.0.22621.5305)
OS uptime: 11 days 12:31 hours
Hyper-V role detected

CPU: total 8 (initial active 8) (4 cores per cpu, 2 threads per core) family 6 model 140 stepping 1 microcode 0xbc, cx8, cmov, fxsr, ht, mmx, 3dnowpref, sse, sse2, sse3, ssse3, sse4.1, sse4.2, popcnt, lzcnt, tsc, tscinvbit, avx, avx2, aes, erms, clmul, bmi1, bmi2, adx, avx512f, avx512dq, avx512cd, avx512bw, avx512vl, sha, fma, vzeroupper, avx512_vpopcntdq, avx512_vpclmulqdq, avx512_vaes, avx512_vnni, clflush, clflushopt, clwb, avx512_vbmi2, avx512_vbmi, hv, rdtscp, rdpid, fsrm, gfni, avx512_bitalg, f16c, cet_ibt, cet_ss, avx512_ifma
Processor Information for the first 8 processors :
  Max Mhz: 2419, Current Mhz: 2419, Mhz Limit: 2419

Memory: 4k page, system-wide physical 7926M (234M free)
TotalPageFile size 16118M (AvailPageFile size 2M)
current process WorkingSet (physical memory assigned to process): 886M, peak: 886M
current process commit charge ("private bytes"): 1090M, peak: 1677M

vm_info: OpenJDK 64-Bit Server VM (21.0.8+9-LTS) for windows-amd64 JRE (21.0.8+9-LTS), built on 2025-07-15T00:00:00Z by "admin" with MS VC++ 17.7 (VS2022)

END.
